> Task :app:checkKotlinGradlePluginConfigurationErrors SKIPPED
> Task :app:preBuild UP-TO-DATE
> Task :app:preDebugBuild UP-TO-DATE
> Task :app:checkDebugAarMetadata UP-TO-DATE
> Task :app:processDebugNavigationResources UP-TO-DATE
> Task :app:compileDebugNavigationResources UP-TO-DATE
> Task :app:generateDebugResValues UP-TO-DATE
> Task :app:mapDebugSourceSetPaths UP-TO-DATE
> Task :app:generateDebugResources UP-TO-DATE
> Task :app:mergeDebugResources UP-TO-DATE
> Task :app:packageDebugResources UP-TO-DATE
> Task :app:parseDebugLocalResources UP-TO-DATE
> Task :app:createDebugCompatibleScreenManifests UP-TO-DATE
> Task :app:extractDeepLinksDebug UP-TO-DATE
> Task :app:processDebugMainManifest UP-TO-DATE
> Task :app:processDebugManifest UP-TO-DATE
> Task :app:processDebugManifestForPackage UP-TO-DATE
> Task :app:processDebugResources UP-TO-DATE

> Task :app:compileDebugKotlin FAILED
./gradlew : e: file:///C:/dev/kotlin/ai-project/MyP
hotoCloud/app/src/main/java/com/myphotocloud/app/ui
/WelcomeScreen.kt:86:5 This material API is experim
ental and is likely to change or to be removed in t
he future.
위치 줄:1 문자:1
+ ./gradlew :app:compileDebugKotlin --stacktrace > 
build_error.log 2>&1 ...
+ ~~~~~~~~~~~~~~~~~~~~~~~~~~~~~~~~~~~~~~~~~~~~~~~~~
~~~~~~~~~~~~~~~~~~~~
    + CategoryInfo          : NotSpecified: (e: fi 
   le:///C:/d... in the future.:String) [], Remot  
  eException
    + FullyQualifiedErrorId : NativeCommandError
 

FAILURE: Build failed with an exception.

* What went wrong:
Execution failed for task ':app:compileDebugKotlin'
.
> A failure occurred while executing org.jetbrains.
kotlin.compilerRunner.GradleCompilerRunnerWithWorke
rs$GradleKotlinCompilerWorkAction
   > Compilation error. See log for more details

* Try:
> Run with --info or --debug option to get more log
 output.
> Run with --scan to get full insights.
> Get more help at https://help.gradle.org.

* Exception is:
org.gradle.api.tasks.TaskExecutionException: Execut
ion failed for task ':app:compileDebugKotlin'.
	at org.gradle.api.internal.tasks.execution.Execute
ActionsTaskExecuter.lambda$executeIfValid$1(Execute
ActionsTaskExecuter.java:130)
	at org.gradle.internal.Try$Failure.ifSuccessfulOrE
lse(Try.java:293)
	at org.gradle.api.internal.tasks.execution.Execute
ActionsTaskExecuter.executeIfValid(ExecuteActionsTa
skExecuter.java:128)
	at org.gradle.api.internal.tasks.execution.Execute
ActionsTaskExecuter.execute(ExecuteActionsTaskExecu
ter.java:116)
	at org.gradle.api.internal.tasks.execution.Problem
sTaskPathTrackingTaskExecuter.execute(ProblemsTaskP
athTrackingTaskExecuter.java:40)
	at org.gradle.api.internal.tasks.execution.Finaliz
ePropertiesTaskExecuter.execute(FinalizePropertiesT
askExecuter.java:46)
	at org.gradle.api.internal.tasks.execution.Resolve
TaskExecutionModeExecuter.execute(ResolveTaskExecut
ionModeExecuter.java:51)
	at org.gradle.api.internal.tasks.execution.SkipTas
kWithNoActionsExecuter.execute(SkipTaskWithNoAction
sExecuter.java:57)
	at org.gradle.api.internal.tasks.execution.SkipOnl
yIfTaskExecuter.execute(SkipOnlyIfTaskExecuter.java
:74)
	at org.gradle.api.internal.tasks.execution.CatchEx
ceptionTaskExecuter.execute(CatchExceptionTaskExecu
ter.java:36)
	at org.gradle.api.internal.tasks.execution.EventFi
ringTaskExecuter$1.executeTask(EventFiringTaskExecu
ter.java:77)
	at org.gradle.api.internal.tasks.execution.EventFi
ringTaskExecuter$1.call(EventFiringTaskExecuter.jav
a:55)
	at org.gradle.api.internal.tasks.execution.EventFi
ringTaskExecuter$1.call(EventFiringTaskExecuter.jav
a:52)
	at org.gradle.internal.operations.DefaultBuildOper
ationRunner$CallableBuildOperationWorker.execute(De
faultBuildOperationRunner.java:210)
	at org.gradle.internal.operations.DefaultBuildOper
ationRunner$CallableBuildOperationWorker.execute(De
faultBuildOperationRunner.java:205)
	at org.gradle.internal.operations.DefaultBuildOper
ationRunner$2.execute(DefaultBuildOperationRunner.j
ava:67)
	at org.gradle.internal.operations.DefaultBuildOper
ationRunner$2.execute(DefaultBuildOperationRunner.j
ava:60)
	at org.gradle.internal.operations.DefaultBuildOper
ationRunner.execute(DefaultBuildOperationRunner.jav
a:167)
	at org.gradle.internal.operations.DefaultBuildOper
ationRunner.execute(DefaultBuildOperationRunner.jav
a:60)
	at org.gradle.internal.operations.DefaultBuildOper
ationRunner.call(DefaultBuildOperationRunner.java:5
4)
	at org.gradle.api.internal.tasks.execution.EventFi
ringTaskExecuter.execute(EventFiringTaskExecuter.ja
va:52)
	at org.gradle.execution.plan.LocalTaskNodeExecutor
.execute(LocalTaskNodeExecutor.java:42)
	at org.gradle.execution.taskgraph.DefaultTaskExecu
tionGraph$InvokeNodeExecutorsAction.execute(Default
TaskExecutionGraph.java:331)
	at org.gradle.execution.taskgraph.DefaultTaskExecu
tionGraph$InvokeNodeExecutorsAction.execute(Default
TaskExecutionGraph.java:318)
	at org.gradle.execution.taskgraph.DefaultTaskExecu
tionGraph$BuildOperationAwareExecutionAction.lambda
$execute$0(DefaultTaskExecutionGraph.java:314)
	at org.gradle.internal.operations.CurrentBuildOper
ationRef.with(CurrentBuildOperationRef.java:85)
	at org.gradle.execution.taskgraph.DefaultTaskExecu
tionGraph$BuildOperationAwareExecutionAction.execut
e(DefaultTaskExecutionGraph.java:314)
	at org.gradle.execution.taskgraph.DefaultTaskExecu
tionGraph$BuildOperationAwareExecutionAction.execut
e(DefaultTaskExecutionGraph.java:303)
	at org.gradle.execution.plan.DefaultPlanExecutor$E
xecutorWorker.execute(DefaultPlanExecutor.java:459)
	at org.gradle.execution.plan.DefaultPlanExecutor$E
xecutorWorker.run(DefaultPlanExecutor.java:376)
	at org.gradle.internal.concurrent.ExecutorPolicy$C
atchAndRecordFailures.onExecute(ExecutorPolicy.java
:64)
	at org.gradle.internal.concurrent.AbstractManagedE
xecutor$1.run(AbstractManagedExecutor.java:48)
Caused by: org.gradle.workers.internal.DefaultWorke
rExecutor$WorkExecutionException: A failure occurre
d while executing org.jetbrains.kotlin.compilerRunn
er.GradleCompilerRunnerWithWorkers$GradleKotlinComp
ilerWorkAction
	at org.gradle.workers.internal.DefaultWorkerExecut
or$WorkItemExecution.waitForCompletion(DefaultWorke
rExecutor.java:287)
	at org.gradle.internal.work.DefaultAsyncWorkTracke
r.lambda$waitForItemsAndGatherFailures$2(DefaultAsy
ncWorkTracker.java:130)
	at org.gradle.internal.Factories$1.create(Factorie
s.java:31)
	at org.gradle.internal.work.DefaultWorkerLeaseServ
ice.withoutLocks(DefaultWorkerLeaseService.java:335
)
	at org.gradle.internal.work.DefaultWorkerLeaseServ
ice.withoutLocks(DefaultWorkerLeaseService.java:318
)
	at org.gradle.internal.work.DefaultWorkerLeaseServ
ice.withoutLock(DefaultWorkerLeaseService.java:323)
	at org.gradle.internal.work.DefaultAsyncWorkTracke
r.waitForItemsAndGatherFailures(DefaultAsyncWorkTra
cker.java:126)
	at org.gradle.internal.work.DefaultAsyncWorkTracke
r.waitForItemsAndGatherFailures(DefaultAsyncWorkTra
cker.java:92)
	at org.gradle.internal.work.DefaultAsyncWorkTracke
r.waitForAll(DefaultAsyncWorkTracker.java:78)
	at org.gradle.internal.work.DefaultAsyncWorkTracke
r.waitForCompletion(DefaultAsyncWorkTracker.java:66
)
	at org.gradle.api.internal.tasks.execution.TaskExe
cution$3.run(TaskExecution.java:252)
	at org.gradle.internal.operations.DefaultBuildOper
ationRunner$1.execute(DefaultBuildOperationRunner.j
ava:30)
	at org.gradle.internal.operations.DefaultBuildOper
ationRunner$1.execute(DefaultBuildOperationRunner.j
ava:27)
	at org.gradle.internal.operations.DefaultBuildOper
ationRunner$2.execute(DefaultBuildOperationRunner.j
ava:67)
	at org.gradle.internal.operations.DefaultBuildOper
ationRunner$2.execute(DefaultBuildOperationRunner.j
ava:60)
	at org.gradle.internal.operations.DefaultBuildOper
ationRunner.execute(DefaultBuildOperationRunner.jav
a:167)
	at org.gradle.internal.operations.DefaultBuildOper
ationRunner.execute(DefaultBuildOperationRunner.jav
a:60)
	at org.gradle.internal.operations.DefaultBuildOper
ationRunner.run(DefaultBuildOperationRunner.java:48
)
	at org.gradle.api.internal.tasks.execution.TaskExe
cution.executeAction(TaskExecution.java:229)
	at org.gradle.api.internal.tasks.execution.TaskExe
cution.executeActions(TaskExecution.java:212)
	at org.gradle.api.internal.tasks.execution.TaskExe
cution.executeWithPreviousOutputFiles(TaskExecution
.java:195)
	at org.gradle.api.internal.tasks.execution.TaskExe
cution.execute(TaskExecution.java:162)
	at org.gradle.internal.execution.steps.ExecuteStep
.executeInternal(ExecuteStep.java:105)
	at org.gradle.internal.execution.steps.ExecuteStep
.access$000(ExecuteStep.java:44)
	at org.gradle.internal.execution.steps.ExecuteStep
$1.call(ExecuteStep.java:59)
	at org.gradle.internal.execution.steps.ExecuteStep
$1.call(ExecuteStep.java:56)
	at org.gradle.internal.operations.DefaultBuildOper
ationRunner$CallableBuildOperationWorker.execute(De
faultBuildOperationRunner.java:210)
	at org.gradle.internal.operations.DefaultBuildOper
ationRunner$CallableBuildOperationWorker.execute(De
faultBuildOperationRunner.java:205)
	at org.gradle.internal.operations.DefaultBuildOper
ationRunner$2.execute(DefaultBuildOperationRunner.j
ava:67)
	at org.gradle.internal.operations.DefaultBuildOper
ationRunner$2.execute(DefaultBuildOperationRunner.j
ava:60)
	at org.gradle.internal.operations.DefaultBuildOper
ationRunner.execute(DefaultBuildOperationRunner.jav
a:167)
	at org.gradle.internal.operations.DefaultBuildOper
ationRunner.execute(DefaultBuildOperationRunner.jav
a:60)
	at org.gradle.internal.operations.DefaultBuildOper
ationRunner.call(DefaultBuildOperationRunner.java:5
4)
	at org.gradle.internal.execution.steps.ExecuteStep
.execute(ExecuteStep.java:56)
	at org.gradle.internal.execution.steps.ExecuteStep
.execute(ExecuteStep.java:44)
	at org.gradle.internal.execution.steps.CancelExecu
tionStep.execute(CancelExecutionStep.java:42)
	at org.gradle.internal.execution.steps.TimeoutStep
.executeWithoutTimeout(TimeoutStep.java:75)
	at org.gradle.internal.execution.steps.TimeoutStep
.execute(TimeoutStep.java:55)
	at org.gradle.internal.execution.steps.PreCreateOu
tputParentsStep.execute(PreCreateOutputParentsStep.
java:50)
	at org.gradle.internal.execution.steps.PreCreateOu
tputParentsStep.execute(PreCreateOutputParentsStep.
java:28)
	at org.gradle.internal.execution.steps.RemovePrevi
ousOutputsStep.execute(RemovePreviousOutputsStep.ja
va:67)
	at org.gradle.internal.execution.steps.RemovePrevi
ousOutputsStep.execute(RemovePreviousOutputsStep.ja
va:37)
	at org.gradle.internal.execution.steps.BroadcastCh
angingOutputsStep.execute(BroadcastChangingOutputsS
tep.java:61)
	at org.gradle.internal.execution.steps.BroadcastCh
angingOutputsStep.execute(BroadcastChangingOutputsS
tep.java:26)
	at org.gradle.internal.execution.steps.CaptureOutp
utsAfterExecutionStep.execute(CaptureOutputsAfterEx
ecutionStep.java:69)
	at org.gradle.internal.execution.steps.CaptureOutp
utsAfterExecutionStep.execute(CaptureOutputsAfterEx
ecutionStep.java:46)
	at org.gradle.internal.execution.steps.ResolveInpu
tChangesStep.execute(ResolveInputChangesStep.java:4
0)
	at org.gradle.internal.execution.steps.ResolveInpu
tChangesStep.execute(ResolveInputChangesStep.java:2
9)
	at org.gradle.internal.execution.steps.BuildCacheS
tep.executeWithoutCache(BuildCacheStep.java:189)
	at org.gradle.internal.execution.steps.BuildCacheS
tep.lambda$execute$1(BuildCacheStep.java:75)
	at org.gradle.internal.Either$Right.fold(Either.ja
va:175)
	at org.gradle.internal.execution.caching.CachingSt
ate.fold(CachingState.java:62)
	at org.gradle.internal.execution.steps.BuildCacheS
tep.execute(BuildCacheStep.java:73)
	at org.gradle.internal.execution.steps.BuildCacheS
tep.execute(BuildCacheStep.java:48)
	at org.gradle.internal.execution.steps.StoreExecut
ionStateStep.execute(StoreExecutionStateStep.java:4
6)
	at org.gradle.internal.execution.steps.StoreExecut
ionStateStep.execute(StoreExecutionStateStep.java:3
5)
	at org.gradle.internal.execution.steps.SkipUpToDat
eStep.executeBecause(SkipUpToDateStep.java:75)
	at org.gradle.internal.execution.steps.SkipUpToDat
eStep.lambda$execute$2(SkipUpToDateStep.java:53)
	at org.gradle.internal.execution.steps.SkipUpToDat
eStep.execute(SkipUpToDateStep.java:53)
	at org.gradle.internal.execution.steps.SkipUpToDat
eStep.execute(SkipUpToDateStep.java:35)
	at org.gradle.internal.execution.steps.legacy.Mark
SnapshottingInputsFinishedStep.execute(MarkSnapshot
tingInputsFinishedStep.java:37)
	at org.gradle.internal.execution.steps.legacy.Mark
SnapshottingInputsFinishedStep.execute(MarkSnapshot
tingInputsFinishedStep.java:27)
	at org.gradle.internal.execution.steps.ResolveIncr
ementalCachingStateStep.executeDelegate(ResolveIncr
ementalCachingStateStep.java:49)
	at org.gradle.internal.execution.steps.ResolveIncr
ementalCachingStateStep.executeDelegate(ResolveIncr
ementalCachingStateStep.java:27)
	at org.gradle.internal.execution.steps.AbstractRes
olveCachingStateStep.execute(AbstractResolveCaching
StateStep.java:71)
	at org.gradle.internal.execution.steps.AbstractRes
olveCachingStateStep.execute(AbstractResolveCaching
StateStep.java:39)
	at org.gradle.internal.execution.steps.ResolveChan
gesStep.execute(ResolveChangesStep.java:65)
	at org.gradle.internal.execution.steps.ResolveChan
gesStep.execute(ResolveChangesStep.java:36)
	at org.gradle.internal.execution.steps.ValidateSte
p.execute(ValidateStep.java:107)
	at org.gradle.internal.execution.steps.ValidateSte
p.execute(ValidateStep.java:56)
	at org.gradle.internal.execution.steps.AbstractCap
tureStateBeforeExecutionStep.execute(AbstractCaptur
eStateBeforeExecutionStep.java:64)
	at org.gradle.internal.execution.steps.AbstractCap
tureStateBeforeExecutionStep.execute(AbstractCaptur
eStateBeforeExecutionStep.java:43)
	at org.gradle.internal.execution.steps.AbstractSki
pEmptyWorkStep.executeWithNonEmptySources(AbstractS
kipEmptyWorkStep.java:125)
	at org.gradle.internal.execution.steps.AbstractSki
pEmptyWorkStep.execute(AbstractSkipEmptyWorkStep.ja
va:61)
	at org.gradle.internal.execution.steps.AbstractSki
pEmptyWorkStep.execute(AbstractSkipEmptyWorkStep.ja
va:36)
	at org.gradle.internal.execution.steps.legacy.Mark
SnapshottingInputsStartedStep.execute(MarkSnapshott
ingInputsStartedStep.java:38)
	at org.gradle.internal.execution.steps.LoadPreviou
sExecutionStateStep.execute(LoadPreviousExecutionSt
ateStep.java:36)
	at org.gradle.internal.execution.steps.LoadPreviou
sExecutionStateStep.execute(LoadPreviousExecutionSt
ateStep.java:23)
	at org.gradle.internal.execution.steps.HandleStale
OutputsStep.execute(HandleStaleOutputsStep.java:75)
	at org.gradle.internal.execution.steps.HandleStale
OutputsStep.execute(HandleStaleOutputsStep.java:41)
	at org.gradle.internal.execution.steps.AssignMutab
leWorkspaceStep.lambda$execute$0(AssignMutableWorks
paceStep.java:35)
	at org.gradle.api.internal.tasks.execution.TaskExe
cution$4.withWorkspace(TaskExecution.java:289)
	at org.gradle.internal.execution.steps.AssignMutab
leWorkspaceStep.execute(AssignMutableWorkspaceStep.
java:31)
	at org.gradle.internal.execution.steps.AssignMutab
leWorkspaceStep.execute(AssignMutableWorkspaceStep.
java:22)
	at org.gradle.internal.execution.steps.ChoosePipel
ineStep.execute(ChoosePipelineStep.java:40)
	at org.gradle.internal.execution.steps.ChoosePipel
ineStep.execute(ChoosePipelineStep.java:23)
	at org.gradle.internal.execution.steps.ExecuteWork
BuildOperationFiringStep.lambda$execute$2(ExecuteWo
rkBuildOperationFiringStep.java:67)
	at org.gradle.internal.execution.steps.ExecuteWork
BuildOperationFiringStep.execute(ExecuteWorkBuildOp
erationFiringStep.java:67)
	at org.gradle.internal.execution.steps.ExecuteWork
BuildOperationFiringStep.execute(ExecuteWorkBuildOp
erationFiringStep.java:39)
	at org.gradle.internal.execution.steps.IdentityCac
heStep.execute(IdentityCacheStep.java:46)
	at org.gradle.internal.execution.steps.IdentityCac
heStep.execute(IdentityCacheStep.java:34)
	at org.gradle.internal.execution.steps.IdentifySte
p.execute(IdentifyStep.java:48)
	at org.gradle.internal.execution.steps.IdentifySte
p.execute(IdentifyStep.java:35)
	at org.gradle.internal.execution.impl.DefaultExecu
tionEngine$1.execute(DefaultExecutionEngine.java:61
)
	at org.gradle.api.internal.tasks.execution.Execute
ActionsTaskExecuter.executeIfValid(ExecuteActionsTa
skExecuter.java:127)
	at org.gradle.api.internal.tasks.execution.Execute
ActionsTaskExecuter.execute(ExecuteActionsTaskExecu
ter.java:116)
	at org.gradle.api.internal.tasks.execution.Problem
sTaskPathTrackingTaskExecuter.execute(ProblemsTaskP
athTrackingTaskExecuter.java:40)
	at org.gradle.api.internal.tasks.execution.Finaliz
ePropertiesTaskExecuter.execute(FinalizePropertiesT
askExecuter.java:46)
	at org.gradle.api.internal.tasks.execution.Resolve
TaskExecutionModeExecuter.execute(ResolveTaskExecut
ionModeExecuter.java:51)
	at org.gradle.api.internal.tasks.execution.SkipTas
kWithNoActionsExecuter.execute(SkipTaskWithNoAction
sExecuter.java:57)
	at org.gradle.api.internal.tasks.execution.SkipOnl
yIfTaskExecuter.execute(SkipOnlyIfTaskExecuter.java
:74)
	at org.gradle.api.internal.tasks.execution.CatchEx
ceptionTaskExecuter.execute(CatchExceptionTaskExecu
ter.java:36)
	at org.gradle.api.internal.tasks.execution.EventFi
ringTaskExecuter$1.executeTask(EventFiringTaskExecu
ter.java:77)
	at org.gradle.api.internal.tasks.execution.EventFi
ringTaskExecuter$1.call(EventFiringTaskExecuter.jav
a:55)
	at org.gradle.api.internal.tasks.execution.EventFi
ringTaskExecuter$1.call(EventFiringTaskExecuter.jav
a:52)
	at org.gradle.internal.operations.DefaultBuildOper
ationRunner$CallableBuildOperationWorker.execute(De
faultBuildOperationRunner.java:210)
	at org.gradle.internal.operations.DefaultBuildOper
ationRunner$CallableBuildOperationWorker.execute(De
faultBuildOperationRunner.java:205)
	at org.gradle.internal.operations.DefaultBuildOper
ationRunner$2.execute(DefaultBuildOperationRunner.j
ava:67)
	at org.gradle.internal.operations.DefaultBuildOper
ationRunner$2.execute(DefaultBuildOperationRunner.j
ava:60)
	at org.gradle.internal.operations.DefaultBuildOper
ationRunner.execute(DefaultBuildOperationRunner.jav
a:167)
	at org.gradle.internal.operations.DefaultBuildOper
ationRunner.execute(DefaultBuildOperationRunner.jav
a:60)
	at org.gradle.internal.operations.DefaultBuildOper
ationRunner.call(DefaultBuildOperationRunner.java:5
4)
	at org.gradle.api.internal.tasks.execution.EventFi
ringTaskExecuter.execute(EventFiringTaskExecuter.ja
va:52)
	at org.gradle.execution.plan.LocalTaskNodeExecutor
.execute(LocalTaskNodeExecutor.java:42)
	at org.gradle.execution.taskgraph.DefaultTaskExecu
tionGraph$InvokeNodeExecutorsAction.execute(Default
TaskExecutionGraph.java:331)
	at org.gradle.execution.taskgraph.DefaultTaskExecu
tionGraph$InvokeNodeExecutorsAction.execute(Default
TaskExecutionGraph.java:318)
	at org.gradle.execution.taskgraph.DefaultTaskExecu
tionGraph$BuildOperationAwareExecutionAction.lambda
$execute$0(DefaultTaskExecutionGraph.java:314)
	at org.gradle.internal.operations.CurrentBuildOper
ationRef.with(CurrentBuildOperationRef.java:85)
	at org.gradle.execution.taskgraph.DefaultTaskExecu
tionGraph$BuildOperationAwareExecutionAction.execut
e(DefaultTaskExecutionGraph.java:314)
	at org.gradle.execution.taskgraph.DefaultTaskExecu
tionGraph$BuildOperationAwareExecutionAction.execut
e(DefaultTaskExecutionGraph.java:303)
	at org.gradle.execution.plan.DefaultPlanExecutor$E
xecutorWorker.execute(DefaultPlanExecutor.java:459)
	at org.gradle.execution.plan.DefaultPlanExecutor$E
xecutorWorker.run(DefaultPlanExecutor.java:376)
	at org.gradle.internal.concurrent.ExecutorPolicy$C
atchAndRecordFailures.onExecute(ExecutorPolicy.java
:64)
	at org.gradle.internal.concurrent.AbstractManagedE
xecutor$1.run(AbstractManagedExecutor.java:48)
Caused by: org.jetbrains.kotlin.gradle.tasks.Compil
ationErrorException: Compilation error. See log for
 more details
	at org.jetbrains.kotlin.gradle.tasks.TasksUtilsKt.
throwExceptionIfCompilationFailed(tasksUtils.kt:21)
	at org.jetbrains.kotlin.compilerRunner.GradleKotli
nCompilerWork.run(GradleKotlinCompilerWork.kt:119)
	at org.jetbrains.kotlin.compilerRunner.GradleCompi
lerRunnerWithWorkers$GradleKotlinCompilerWorkAction
.execute(GradleCompilerRunnerWithWorkers.kt:76)
	at org.gradle.workers.internal.DefaultWorkerServer
.execute(DefaultWorkerServer.java:63)
	at org.gradle.workers.internal.NoIsolationWorkerFa
ctory$1$1.create(NoIsolationWorkerFactory.java:66)
	at org.gradle.workers.internal.NoIsolationWorkerFa
ctory$1$1.create(NoIsolationWorkerFactory.java:62)
16 actionable tasks: 1 executed, 15 up-to-date
	at org.gradle.internal.classloader.ClassLoaderUtil
s.executeInClassloader(ClassLoaderUtils.java:100)
	at org.gradle.workers.internal.NoIsolationWorkerFa
ctory$1.lambda$execute$0(NoIsolationWorkerFactory.j
ava:62)
	at org.gradle.workers.internal.AbstractWorker$1.ca
ll(AbstractWorker.java:44)
	at org.gradle.workers.internal.AbstractWorker$1.ca
ll(AbstractWorker.java:41)
	at org.gradle.internal.operations.DefaultBuildOper
ationRunner$CallableBuildOperationWorker.execute(De
faultBuildOperationRunner.java:210)
	at org.gradle.internal.operations.DefaultBuildOper
ationRunner$CallableBuildOperationWorker.execute(De
faultBuildOperationRunner.java:205)
	at org.gradle.internal.operations.DefaultBuildOper
ationRunner$2.execute(DefaultBuildOperationRunner.j
ava:67)
	at org.gradle.internal.operations.DefaultBuildOper
ationRunner$2.execute(DefaultBuildOperationRunner.j
ava:60)
	at org.gradle.internal.operations.DefaultBuildOper
ationRunner.execute(DefaultBuildOperationRunner.jav
a:167)
	at org.gradle.internal.operations.DefaultBuildOper
ationRunner.execute(DefaultBuildOperationRunner.jav
a:60)
	at org.gradle.internal.operations.DefaultBuildOper
ationRunner.call(DefaultBuildOperationRunner.java:5
4)
	at org.gradle.workers.internal.AbstractWorker.exec
uteWrappedInBuildOperation(AbstractWorker.java:41)
	at org.gradle.workers.internal.NoIsolationWorkerFa
ctory$1.execute(NoIsolationWorkerFactory.java:59)
	at org.gradle.workers.internal.DefaultWorkerExecut
or.lambda$submitWork$0(DefaultWorkerExecutor.java:1
74)
	at org.gradle.internal.work.DefaultConditionalExec
utionQueue$ExecutionRunner.runExecution(DefaultCond
itionalExecutionQueue.java:194)
	at org.gradle.internal.work.DefaultConditionalExec
utionQueue$ExecutionRunner.access$700(DefaultCondit
ionalExecutionQueue.java:127)
	at org.gradle.internal.work.DefaultConditionalExec
utionQueue$ExecutionRunner$1.run(DefaultConditional
ExecutionQueue.java:169)
	at org.gradle.internal.Factories$1.create(Factorie
s.java:31)
	at org.gradle.internal.work.DefaultWorkerLeaseServ
ice.withLocks(DefaultWorkerLeaseService.java:263)
	at org.gradle.internal.work.DefaultWorkerLeaseServ
ice.runAsWorkerThread(DefaultWorkerLeaseService.jav
a:127)
	at org.gradle.internal.work.DefaultWorkerLeaseServ
ice.runAsWorkerThread(DefaultWorkerLeaseService.jav
a:132)
	at org.gradle.internal.work.DefaultConditionalExec
utionQueue$ExecutionRunner.runBatch(DefaultConditio
nalExecutionQueue.java:164)
	at org.gradle.internal.work.DefaultConditionalExec
utionQueue$ExecutionRunner.run(DefaultConditionalEx
ecutionQueue.java:133)
	... 2 more


BUILD FAILED in 1s
